// Jest Snapshot v1, https://goo.gl/fbAQLP

exports[`Shows error message if no keys are found 1`] = `
"[31m[39m
[31mYou must set private keys in appropriate environment variables, either manually [39m
[31mor in a '.env' file encoded using base64 algorithm.[39m
[31m[39m
[31mgit-ssh-key reads from the folowing environment variables :-[39m
[31m[39m
[31mGIT_SSH_KEY[39m
[31mGIT_SSH_KEY_GITHUB[39m
[31mGIT_SSH_KEY_BITBUCKET[39m
[31mGIT_SSH_KEY_GITLAB[39m
[31m  [39m"
`;
