// Jest Snapshot v1, https://goo.gl/fbAQLP

exports[`Shows error message if no keys are found 1`] = `
"
You must set private keys in appropriate environment variables, either manually 
or in a '.env' file encoded using base64 algorithm.

git-ssh-key reads from the folowing environment variables :-

GIT_SSH_KEY_GITHUB
GIT_SSH_KEY_BITBUCKET
GIT_SSH_KEY_GITLAB
"
`;
